------------------------------------------------------------
TimeQuest Timing Analyzer Summary
------------------------------------------------------------

Type  : Slow 1200mV 85C Model Setup 'pll_hdmi_inst|altpll_component|auto_generated|pll1|clk[0]'
Slack : -17.836
TNS   : -272.637

Type  : Slow 1200mV 85C Model Setup 'pll_clk_inst|altpll_component|auto_generated|pll1|clk[0]'
Slack : -3.616
TNS   : -61.723

Type  : Slow 1200mV 85C Model Setup 'pll_hdmi_inst|altpll_component|auto_generated|pll1|clk[1]'
Slack : 0.287
TNS   : 0.000

Type  : Slow 1200mV 85C Model Setup 'pll_clk_inst|altpll_component|auto_generated|pll1|clk[2]'
Slack : 5.942
TNS   : 0.000

Type  : Slow 1200mV 85C Model Setup 'pll_clk_inst|altpll_component|auto_generated|pll1|clk[3]'
Slack : 6.981
TNS   : 0.000

Type  : Slow 1200mV 85C Model Hold 'pll_hdmi_inst|altpll_component|auto_generated|pll1|clk[0]'
Slack : -0.392
TNS   : -0.620

Type  : Slow 1200mV 85C Model Hold 'pll_clk_inst|altpll_component|auto_generated|pll1|clk[2]'
Slack : 0.424
TNS   : 0.000

Type  : Slow 1200mV 85C Model Hold 'pll_clk_inst|altpll_component|auto_generated|pll1|clk[0]'
Slack : 0.444
TNS   : 0.000

Type  : Slow 1200mV 85C Model Hold 'pll_clk_inst|altpll_component|auto_generated|pll1|clk[3]'
Slack : 0.452
TNS   : 0.000

Type  : Slow 1200mV 85C Model Hold 'pll_hdmi_inst|altpll_component|auto_generated|pll1|clk[1]'
Slack : 0.453
TNS   : 0.000

Type  : Slow 1200mV 85C Model Recovery 'pll_hdmi_inst|altpll_component|auto_generated|pll1|clk[0]'
Slack : -2.454
TNS   : -210.593

Type  : Slow 1200mV 85C Model Recovery 'pll_clk_inst|altpll_component|auto_generated|pll1|clk[0]'
Slack : 5.577
TNS   : 0.000

Type  : Slow 1200mV 85C Model Recovery 'pll_clk_inst|altpll_component|auto_generated|pll1|clk[2]'
Slack : 5.731
TNS   : 0.000

Type  : Slow 1200mV 85C Model Removal 'pll_hdmi_inst|altpll_component|auto_generated|pll1|clk[0]'
Slack : 0.759
TNS   : 0.000

Type  : Slow 1200mV 85C Model Removal 'pll_clk_inst|altpll_component|auto_generated|pll1|clk[2]'
Slack : 2.161
TNS   : 0.000

Type  : Slow 1200mV 85C Model Removal 'pll_clk_inst|altpll_component|auto_generated|pll1|clk[0]'
Slack : 2.192
TNS   : 0.000

Type  : Slow 1200mV 85C Model Minimum Pulse Width 'pll_hdmi_inst|altpll_component|auto_generated|pll1|clk[1]'
Slack : 0.589
TNS   : 0.000

Type  : Slow 1200mV 85C Model Minimum Pulse Width 'pll_clk_inst|altpll_component|auto_generated|pll1|clk[0]'
Slack : 4.698
TNS   : 0.000

Type  : Slow 1200mV 85C Model Minimum Pulse Width 'pll_hdmi_inst|altpll_component|auto_generated|pll1|clk[0]'
Slack : 7.393
TNS   : 0.000

Type  : Slow 1200mV 85C Model Minimum Pulse Width 'pll_clk_inst|altpll_component|auto_generated|pll1|clk[2]'
Slack : 9.718
TNS   : 0.000

Type  : Slow 1200mV 85C Model Minimum Pulse Width 'pll_clk_inst|altpll_component|auto_generated|pll1|clk[3]'
Slack : 9.718
TNS   : 0.000

Type  : Slow 1200mV 85C Model Minimum Pulse Width 'sys_clk'
Slack : 9.832
TNS   : 0.000

Type  : Slow 1200mV 0C Model Setup 'pll_hdmi_inst|altpll_component|auto_generated|pll1|clk[0]'
Slack : -14.832
TNS   : -218.657

Type  : Slow 1200mV 0C Model Setup 'pll_clk_inst|altpll_component|auto_generated|pll1|clk[0]'
Slack : -3.240
TNS   : -54.907

Type  : Slow 1200mV 0C Model Setup 'pll_hdmi_inst|altpll_component|auto_generated|pll1|clk[1]'
Slack : 0.489
TNS   : 0.000

Type  : Slow 1200mV 0C Model Setup 'pll_clk_inst|altpll_component|auto_generated|pll1|clk[2]'
Slack : 6.243
TNS   : 0.000

Type  : Slow 1200mV 0C Model Setup 'pll_clk_inst|altpll_component|auto_generated|pll1|clk[3]'
Slack : 7.127
TNS   : 0.000

Type  : Slow 1200mV 0C Model Hold 'pll_hdmi_inst|altpll_component|auto_generated|pll1|clk[0]'
Slack : -0.315
TNS   : -0.461

Type  : Slow 1200mV 0C Model Hold 'pll_clk_inst|altpll_component|auto_generated|pll1|clk[0]'
Slack : 0.400
TNS   : 0.000

Type  : Slow 1200mV 0C Model Hold 'pll_clk_inst|altpll_component|auto_generated|pll1|clk[2]'
Slack : 0.400
TNS   : 0.000

Type  : Slow 1200mV 0C Model Hold 'pll_clk_inst|altpll_component|auto_generated|pll1|clk[3]'
Slack : 0.401
TNS   : 0.000

Type  : Slow 1200mV 0C Model Hold 'pll_hdmi_inst|altpll_component|auto_generated|pll1|clk[1]'
Slack : 0.401
TNS   : 0.000

Type  : Slow 1200mV 0C Model Recovery 'pll_hdmi_inst|altpll_component|auto_generated|pll1|clk[0]'
Slack : -2.211
TNS   : -193.663

Type  : Slow 1200mV 0C Model Recovery 'pll_clk_inst|altpll_component|auto_generated|pll1|clk[0]'
Slack : 5.834
TNS   : 0.000

Type  : Slow 1200mV 0C Model Recovery 'pll_clk_inst|altpll_component|auto_generated|pll1|clk[2]'
Slack : 6.134
TNS   : 0.000

Type  : Slow 1200mV 0C Model Removal 'pll_hdmi_inst|altpll_component|auto_generated|pll1|clk[0]'
Slack : 0.792
TNS   : 0.000

Type  : Slow 1200mV 0C Model Removal 'pll_clk_inst|altpll_component|auto_generated|pll1|clk[2]'
Slack : 1.962
TNS   : 0.000

Type  : Slow 1200mV 0C Model Removal 'pll_clk_inst|altpll_component|auto_generated|pll1|clk[0]'
Slack : 2.007
TNS   : 0.000

Type  : Slow 1200mV 0C Model Minimum Pulse Width 'pll_hdmi_inst|altpll_component|auto_generated|pll1|clk[1]'
Slack : 0.589
TNS   : 0.000

Type  : Slow 1200mV 0C Model Minimum Pulse Width 'pll_clk_inst|altpll_component|auto_generated|pll1|clk[0]'
Slack : 4.666
TNS   : 0.000

Type  : Slow 1200mV 0C Model Minimum Pulse Width 'pll_hdmi_inst|altpll_component|auto_generated|pll1|clk[0]'
Slack : 7.356
TNS   : 0.000

Type  : Slow 1200mV 0C Model Minimum Pulse Width 'pll_clk_inst|altpll_component|auto_generated|pll1|clk[3]'
Slack : 9.716
TNS   : 0.000

Type  : Slow 1200mV 0C Model Minimum Pulse Width 'pll_clk_inst|altpll_component|auto_generated|pll1|clk[2]'
Slack : 9.718
TNS   : 0.000

Type  : Slow 1200mV 0C Model Minimum Pulse Width 'sys_clk'
Slack : 9.835
TNS   : 0.000

Type  : Fast 1200mV 0C Model Setup 'pll_clk_inst|altpll_component|auto_generated|pll1|clk[0]'
Slack : -1.323
TNS   : -22.531

Type  : Fast 1200mV 0C Model Setup 'pll_hdmi_inst|altpll_component|auto_generated|pll1|clk[0]'
Slack : -0.354
TNS   : -0.377

Type  : Fast 1200mV 0C Model Setup 'pll_hdmi_inst|altpll_component|auto_generated|pll1|clk[1]'
Slack : 1.910
TNS   : 0.000

Type  : Fast 1200mV 0C Model Setup 'pll_clk_inst|altpll_component|auto_generated|pll1|clk[2]'
Slack : 8.126
TNS   : 0.000

Type  : Fast 1200mV 0C Model Setup 'pll_clk_inst|altpll_component|auto_generated|pll1|clk[3]'
Slack : 8.707
TNS   : 0.000

Type  : Fast 1200mV 0C Model Hold 'pll_hdmi_inst|altpll_component|auto_generated|pll1|clk[0]'
Slack : -0.394
TNS   : -0.731

Type  : Fast 1200mV 0C Model Hold 'pll_clk_inst|altpll_component|auto_generated|pll1|clk[2]'
Slack : 0.142
TNS   : 0.000

Type  : Fast 1200mV 0C Model Hold 'pll_clk_inst|altpll_component|auto_generated|pll1|clk[0]'
Slack : 0.159
TNS   : 0.000

Type  : Fast 1200mV 0C Model Hold 'pll_clk_inst|altpll_component|auto_generated|pll1|clk[3]'
Slack : 0.186
TNS   : 0.000

Type  : Fast 1200mV 0C Model Hold 'pll_hdmi_inst|altpll_component|auto_generated|pll1|clk[1]'
Slack : 0.186
TNS   : 0.000

Type  : Fast 1200mV 0C Model Recovery 'pll_hdmi_inst|altpll_component|auto_generated|pll1|clk[0]'
Slack : -0.664
TNS   : -52.874

Type  : Fast 1200mV 0C Model Recovery 'pll_clk_inst|altpll_component|auto_generated|pll1|clk[0]'
Slack : 7.985
TNS   : 0.000

Type  : Fast 1200mV 0C Model Recovery 'pll_clk_inst|altpll_component|auto_generated|pll1|clk[2]'
Slack : 8.099
TNS   : 0.000

Type  : Fast 1200mV 0C Model Removal 'pll_hdmi_inst|altpll_component|auto_generated|pll1|clk[0]'
Slack : 0.112
TNS   : 0.000

Type  : Fast 1200mV 0C Model Removal 'pll_clk_inst|altpll_component|auto_generated|pll1|clk[0]'
Slack : 0.967
TNS   : 0.000

Type  : Fast 1200mV 0C Model Removal 'pll_clk_inst|altpll_component|auto_generated|pll1|clk[2]'
Slack : 0.981
TNS   : 0.000

Type  : Fast 1200mV 0C Model Minimum Pulse Width 'pll_hdmi_inst|altpll_component|auto_generated|pll1|clk[1]'
Slack : 1.076
TNS   : 0.000

Type  : Fast 1200mV 0C Model Minimum Pulse Width 'pll_clk_inst|altpll_component|auto_generated|pll1|clk[0]'
Slack : 4.734
TNS   : 0.000

Type  : Fast 1200mV 0C Model Minimum Pulse Width 'pll_hdmi_inst|altpll_component|auto_generated|pll1|clk[0]'
Slack : 7.427
TNS   : 0.000

Type  : Fast 1200mV 0C Model Minimum Pulse Width 'sys_clk'
Slack : 9.423
TNS   : 0.000

Type  : Fast 1200mV 0C Model Minimum Pulse Width 'pll_clk_inst|altpll_component|auto_generated|pll1|clk[2]'
Slack : 9.732
TNS   : 0.000

Type  : Fast 1200mV 0C Model Minimum Pulse Width 'pll_clk_inst|altpll_component|auto_generated|pll1|clk[3]'
Slack : 9.797
TNS   : 0.000

------------------------------------------------------------
