------------------------------------------------------------
TimeQuest Timing Analyzer Summary
------------------------------------------------------------

Type  : Slow 1200mV 85C Model Setup 'pll_hdmi_inst|altpll_component|auto_generated|pll1|clk[0]'
Slack : -17.516
TNS   : -340.309

Type  : Slow 1200mV 85C Model Setup 'pll_clk_inst|altpll_component|auto_generated|pll1|clk[0]'
Slack : -3.520
TNS   : -59.073

Type  : Slow 1200mV 85C Model Setup 'pll_hdmi_inst|altpll_component|auto_generated|pll1|clk[1]'
Slack : 0.409
TNS   : 0.000

Type  : Slow 1200mV 85C Model Setup 'pll_clk_inst|altpll_component|auto_generated|pll1|clk[2]'
Slack : 5.023
TNS   : 0.000

Type  : Slow 1200mV 85C Model Setup 'pll_clk_inst|altpll_component|auto_generated|pll1|clk[3]'
Slack : 7.239
TNS   : 0.000

Type  : Slow 1200mV 85C Model Hold 'pll_hdmi_inst|altpll_component|auto_generated|pll1|clk[0]'
Slack : -0.392
TNS   : -0.650

Type  : Slow 1200mV 85C Model Hold 'pll_clk_inst|altpll_component|auto_generated|pll1|clk[0]'
Slack : 0.413
TNS   : 0.000

Type  : Slow 1200mV 85C Model Hold 'pll_clk_inst|altpll_component|auto_generated|pll1|clk[2]'
Slack : 0.420
TNS   : 0.000

Type  : Slow 1200mV 85C Model Hold 'pll_clk_inst|altpll_component|auto_generated|pll1|clk[3]'
Slack : 0.454
TNS   : 0.000

Type  : Slow 1200mV 85C Model Hold 'pll_hdmi_inst|altpll_component|auto_generated|pll1|clk[1]'
Slack : 0.454
TNS   : 0.000

Type  : Slow 1200mV 85C Model Recovery 'pll_hdmi_inst|altpll_component|auto_generated|pll1|clk[0]'
Slack : -2.479
TNS   : -223.139

Type  : Slow 1200mV 85C Model Recovery 'pll_clk_inst|altpll_component|auto_generated|pll1|clk[2]'
Slack : 6.143
TNS   : 0.000

Type  : Slow 1200mV 85C Model Recovery 'pll_clk_inst|altpll_component|auto_generated|pll1|clk[0]'
Slack : 6.196
TNS   : 0.000

Type  : Slow 1200mV 85C Model Removal 'pll_hdmi_inst|altpll_component|auto_generated|pll1|clk[0]'
Slack : 0.879
TNS   : 0.000

Type  : Slow 1200mV 85C Model Removal 'pll_clk_inst|altpll_component|auto_generated|pll1|clk[0]'
Slack : 1.983
TNS   : 0.000

Type  : Slow 1200mV 85C Model Removal 'pll_clk_inst|altpll_component|auto_generated|pll1|clk[2]'
Slack : 2.158
TNS   : 0.000

Type  : Slow 1200mV 85C Model Minimum Pulse Width 'pll_hdmi_inst|altpll_component|auto_generated|pll1|clk[1]'
Slack : 0.589
TNS   : 0.000

Type  : Slow 1200mV 85C Model Minimum Pulse Width 'pll_clk_inst|altpll_component|auto_generated|pll1|clk[0]'
Slack : 4.689
TNS   : 0.000

Type  : Slow 1200mV 85C Model Minimum Pulse Width 'pll_hdmi_inst|altpll_component|auto_generated|pll1|clk[0]'
Slack : 7.390
TNS   : 0.000

Type  : Slow 1200mV 85C Model Minimum Pulse Width 'pll_clk_inst|altpll_component|auto_generated|pll1|clk[2]'
Slack : 9.721
TNS   : 0.000

Type  : Slow 1200mV 85C Model Minimum Pulse Width 'pll_clk_inst|altpll_component|auto_generated|pll1|clk[3]'
Slack : 9.721
TNS   : 0.000

Type  : Slow 1200mV 85C Model Minimum Pulse Width 'sys_clk'
Slack : 9.832
TNS   : 0.000

Type  : Slow 1200mV 0C Model Setup 'pll_hdmi_inst|altpll_component|auto_generated|pll1|clk[0]'
Slack : -14.543
TNS   : -240.467

Type  : Slow 1200mV 0C Model Setup 'pll_clk_inst|altpll_component|auto_generated|pll1|clk[0]'
Slack : -3.111
TNS   : -52.164

Type  : Slow 1200mV 0C Model Setup 'pll_hdmi_inst|altpll_component|auto_generated|pll1|clk[1]'
Slack : 0.596
TNS   : 0.000

Type  : Slow 1200mV 0C Model Setup 'pll_clk_inst|altpll_component|auto_generated|pll1|clk[2]'
Slack : 5.263
TNS   : 0.000

Type  : Slow 1200mV 0C Model Setup 'pll_clk_inst|altpll_component|auto_generated|pll1|clk[3]'
Slack : 7.390
TNS   : 0.000

Type  : Slow 1200mV 0C Model Hold 'pll_hdmi_inst|altpll_component|auto_generated|pll1|clk[0]'
Slack : -0.317
TNS   : -0.492

Type  : Slow 1200mV 0C Model Hold 'pll_clk_inst|altpll_component|auto_generated|pll1|clk[0]'
Slack : 0.384
TNS   : 0.000

Type  : Slow 1200mV 0C Model Hold 'pll_clk_inst|altpll_component|auto_generated|pll1|clk[2]'
Slack : 0.401
TNS   : 0.000

Type  : Slow 1200mV 0C Model Hold 'pll_clk_inst|altpll_component|auto_generated|pll1|clk[3]'
Slack : 0.402
TNS   : 0.000

Type  : Slow 1200mV 0C Model Hold 'pll_hdmi_inst|altpll_component|auto_generated|pll1|clk[1]'
Slack : 0.402
TNS   : 0.000

Type  : Slow 1200mV 0C Model Recovery 'pll_hdmi_inst|altpll_component|auto_generated|pll1|clk[0]'
Slack : -2.233
TNS   : -205.874

Type  : Slow 1200mV 0C Model Recovery 'pll_clk_inst|altpll_component|auto_generated|pll1|clk[0]'
Slack : 6.434
TNS   : 0.000

Type  : Slow 1200mV 0C Model Recovery 'pll_clk_inst|altpll_component|auto_generated|pll1|clk[2]'
Slack : 6.521
TNS   : 0.000

Type  : Slow 1200mV 0C Model Removal 'pll_hdmi_inst|altpll_component|auto_generated|pll1|clk[0]'
Slack : 0.879
TNS   : 0.000

Type  : Slow 1200mV 0C Model Removal 'pll_clk_inst|altpll_component|auto_generated|pll1|clk[0]'
Slack : 1.771
TNS   : 0.000

Type  : Slow 1200mV 0C Model Removal 'pll_clk_inst|altpll_component|auto_generated|pll1|clk[2]'
Slack : 1.958
TNS   : 0.000

Type  : Slow 1200mV 0C Model Minimum Pulse Width 'pll_hdmi_inst|altpll_component|auto_generated|pll1|clk[1]'
Slack : 0.589
TNS   : 0.000

Type  : Slow 1200mV 0C Model Minimum Pulse Width 'pll_clk_inst|altpll_component|auto_generated|pll1|clk[0]'
Slack : 4.668
TNS   : 0.000

Type  : Slow 1200mV 0C Model Minimum Pulse Width 'pll_hdmi_inst|altpll_component|auto_generated|pll1|clk[0]'
Slack : 7.362
TNS   : 0.000

Type  : Slow 1200mV 0C Model Minimum Pulse Width 'pll_clk_inst|altpll_component|auto_generated|pll1|clk[2]'
Slack : 9.719
TNS   : 0.000

Type  : Slow 1200mV 0C Model Minimum Pulse Width 'pll_clk_inst|altpll_component|auto_generated|pll1|clk[3]'
Slack : 9.720
TNS   : 0.000

Type  : Slow 1200mV 0C Model Minimum Pulse Width 'sys_clk'
Slack : 9.835
TNS   : 0.000

Type  : Fast 1200mV 0C Model Setup 'pll_clk_inst|altpll_component|auto_generated|pll1|clk[0]'
Slack : -1.305
TNS   : -21.512

Type  : Fast 1200mV 0C Model Setup 'pll_hdmi_inst|altpll_component|auto_generated|pll1|clk[0]'
Slack : -0.328
TNS   : -0.378

Type  : Fast 1200mV 0C Model Setup 'pll_hdmi_inst|altpll_component|auto_generated|pll1|clk[1]'
Slack : 1.958
TNS   : 0.000

Type  : Fast 1200mV 0C Model Setup 'pll_clk_inst|altpll_component|auto_generated|pll1|clk[2]'
Slack : 7.756
TNS   : 0.000

Type  : Fast 1200mV 0C Model Setup 'pll_clk_inst|altpll_component|auto_generated|pll1|clk[3]'
Slack : 8.786
TNS   : 0.000

Type  : Fast 1200mV 0C Model Hold 'pll_hdmi_inst|altpll_component|auto_generated|pll1|clk[0]'
Slack : -0.401
TNS   : -0.755

Type  : Fast 1200mV 0C Model Hold 'pll_clk_inst|altpll_component|auto_generated|pll1|clk[0]'
Slack : 0.142
TNS   : 0.000

Type  : Fast 1200mV 0C Model Hold 'pll_clk_inst|altpll_component|auto_generated|pll1|clk[2]'
Slack : 0.147
TNS   : 0.000

Type  : Fast 1200mV 0C Model Hold 'pll_hdmi_inst|altpll_component|auto_generated|pll1|clk[1]'
Slack : 0.186
TNS   : 0.000

Type  : Fast 1200mV 0C Model Hold 'pll_clk_inst|altpll_component|auto_generated|pll1|clk[3]'
Slack : 0.187
TNS   : 0.000

Type  : Fast 1200mV 0C Model Recovery 'pll_hdmi_inst|altpll_component|auto_generated|pll1|clk[0]'
Slack : -0.680
TNS   : -58.646

Type  : Fast 1200mV 0C Model Recovery 'pll_clk_inst|altpll_component|auto_generated|pll1|clk[0]'
Slack : 8.206
TNS   : 0.000

Type  : Fast 1200mV 0C Model Recovery 'pll_clk_inst|altpll_component|auto_generated|pll1|clk[2]'
Slack : 8.261
TNS   : 0.000

Type  : Fast 1200mV 0C Model Removal 'pll_hdmi_inst|altpll_component|auto_generated|pll1|clk[0]'
Slack : 0.214
TNS   : 0.000

Type  : Fast 1200mV 0C Model Removal 'pll_clk_inst|altpll_component|auto_generated|pll1|clk[0]'
Slack : 0.915
TNS   : 0.000

Type  : Fast 1200mV 0C Model Removal 'pll_clk_inst|altpll_component|auto_generated|pll1|clk[2]'
Slack : 0.915
TNS   : 0.000

Type  : Fast 1200mV 0C Model Minimum Pulse Width 'pll_hdmi_inst|altpll_component|auto_generated|pll1|clk[1]'
Slack : 1.076
TNS   : 0.000

Type  : Fast 1200mV 0C Model Minimum Pulse Width 'pll_clk_inst|altpll_component|auto_generated|pll1|clk[0]'
Slack : 4.734
TNS   : 0.000

Type  : Fast 1200mV 0C Model Minimum Pulse Width 'pll_hdmi_inst|altpll_component|auto_generated|pll1|clk[0]'
Slack : 7.428
TNS   : 0.000

Type  : Fast 1200mV 0C Model Minimum Pulse Width 'sys_clk'
Slack : 9.423
TNS   : 0.000

Type  : Fast 1200mV 0C Model Minimum Pulse Width 'pll_clk_inst|altpll_component|auto_generated|pll1|clk[2]'
Slack : 9.733
TNS   : 0.000

Type  : Fast 1200mV 0C Model Minimum Pulse Width 'pll_clk_inst|altpll_component|auto_generated|pll1|clk[3]'
Slack : 9.797
TNS   : 0.000

------------------------------------------------------------
