------------------------------------------------------------
TimeQuest Timing Analyzer Summary
------------------------------------------------------------

Type  : Slow 1200mV 85C Model Setup 'pll_hdmi_inst|altpll_component|auto_generated|pll1|clk[0]'
Slack : -17.804
TNS   : -332.781

Type  : Slow 1200mV 85C Model Setup 'pll_clk_inst|altpll_component|auto_generated|pll1|clk[0]'
Slack : -3.691
TNS   : -62.248

Type  : Slow 1200mV 85C Model Setup 'pll_hdmi_inst|altpll_component|auto_generated|pll1|clk[1]'
Slack : 0.432
TNS   : 0.000

Type  : Slow 1200mV 85C Model Setup 'pll_clk_inst|altpll_component|auto_generated|pll1|clk[2]'
Slack : 6.422
TNS   : 0.000

Type  : Slow 1200mV 85C Model Setup 'pll_clk_inst|altpll_component|auto_generated|pll1|clk[3]'
Slack : 6.708
TNS   : 0.000

Type  : Slow 1200mV 85C Model Hold 'pll_hdmi_inst|altpll_component|auto_generated|pll1|clk[0]'
Slack : -0.415
TNS   : -0.573

Type  : Slow 1200mV 85C Model Hold 'pll_clk_inst|altpll_component|auto_generated|pll1|clk[0]'
Slack : 0.412
TNS   : 0.000

Type  : Slow 1200mV 85C Model Hold 'pll_clk_inst|altpll_component|auto_generated|pll1|clk[2]'
Slack : 0.430
TNS   : 0.000

Type  : Slow 1200mV 85C Model Hold 'pll_clk_inst|altpll_component|auto_generated|pll1|clk[3]'
Slack : 0.452
TNS   : 0.000

Type  : Slow 1200mV 85C Model Hold 'pll_hdmi_inst|altpll_component|auto_generated|pll1|clk[1]'
Slack : 0.453
TNS   : 0.000

Type  : Slow 1200mV 85C Model Recovery 'pll_hdmi_inst|altpll_component|auto_generated|pll1|clk[0]'
Slack : -2.426
TNS   : -214.147

Type  : Slow 1200mV 85C Model Recovery 'pll_clk_inst|altpll_component|auto_generated|pll1|clk[2]'
Slack : 5.725
TNS   : 0.000

Type  : Slow 1200mV 85C Model Recovery 'pll_clk_inst|altpll_component|auto_generated|pll1|clk[0]'
Slack : 6.097
TNS   : 0.000

Type  : Slow 1200mV 85C Model Removal 'pll_hdmi_inst|altpll_component|auto_generated|pll1|clk[0]'
Slack : 0.969
TNS   : 0.000

Type  : Slow 1200mV 85C Model Removal 'pll_clk_inst|altpll_component|auto_generated|pll1|clk[2]'
Slack : 2.297
TNS   : 0.000

Type  : Slow 1200mV 85C Model Removal 'pll_clk_inst|altpll_component|auto_generated|pll1|clk[0]'
Slack : 2.419
TNS   : 0.000

Type  : Slow 1200mV 85C Model Minimum Pulse Width 'pll_hdmi_inst|altpll_component|auto_generated|pll1|clk[1]'
Slack : 0.589
TNS   : 0.000

Type  : Slow 1200mV 85C Model Minimum Pulse Width 'pll_clk_inst|altpll_component|auto_generated|pll1|clk[0]'
Slack : 4.699
TNS   : 0.000

Type  : Slow 1200mV 85C Model Minimum Pulse Width 'pll_hdmi_inst|altpll_component|auto_generated|pll1|clk[0]'
Slack : 7.391
TNS   : 0.000

Type  : Slow 1200mV 85C Model Minimum Pulse Width 'pll_clk_inst|altpll_component|auto_generated|pll1|clk[3]'
Slack : 9.717
TNS   : 0.000

Type  : Slow 1200mV 85C Model Minimum Pulse Width 'pll_clk_inst|altpll_component|auto_generated|pll1|clk[2]'
Slack : 9.720
TNS   : 0.000

Type  : Slow 1200mV 85C Model Minimum Pulse Width 'sys_clk'
Slack : 9.832
TNS   : 0.000

Type  : Slow 1200mV 0C Model Setup 'pll_hdmi_inst|altpll_component|auto_generated|pll1|clk[0]'
Slack : -14.911
TNS   : -244.973

Type  : Slow 1200mV 0C Model Setup 'pll_clk_inst|altpll_component|auto_generated|pll1|clk[0]'
Slack : -3.249
TNS   : -54.809

Type  : Slow 1200mV 0C Model Setup 'pll_hdmi_inst|altpll_component|auto_generated|pll1|clk[1]'
Slack : 0.619
TNS   : 0.000

Type  : Slow 1200mV 0C Model Setup 'pll_clk_inst|altpll_component|auto_generated|pll1|clk[2]'
Slack : 6.698
TNS   : 0.000

Type  : Slow 1200mV 0C Model Setup 'pll_clk_inst|altpll_component|auto_generated|pll1|clk[3]'
Slack : 6.876
TNS   : 0.000

Type  : Slow 1200mV 0C Model Hold 'pll_hdmi_inst|altpll_component|auto_generated|pll1|clk[0]'
Slack : -0.315
TNS   : -0.405

Type  : Slow 1200mV 0C Model Hold 'pll_clk_inst|altpll_component|auto_generated|pll1|clk[0]'
Slack : 0.385
TNS   : 0.000

Type  : Slow 1200mV 0C Model Hold 'pll_clk_inst|altpll_component|auto_generated|pll1|clk[2]'
Slack : 0.400
TNS   : 0.000

Type  : Slow 1200mV 0C Model Hold 'pll_clk_inst|altpll_component|auto_generated|pll1|clk[3]'
Slack : 0.400
TNS   : 0.000

Type  : Slow 1200mV 0C Model Hold 'pll_hdmi_inst|altpll_component|auto_generated|pll1|clk[1]'
Slack : 0.401
TNS   : 0.000

Type  : Slow 1200mV 0C Model Recovery 'pll_hdmi_inst|altpll_component|auto_generated|pll1|clk[0]'
Slack : -2.187
TNS   : -197.588

Type  : Slow 1200mV 0C Model Recovery 'pll_clk_inst|altpll_component|auto_generated|pll1|clk[2]'
Slack : 6.127
TNS   : 0.000

Type  : Slow 1200mV 0C Model Recovery 'pll_clk_inst|altpll_component|auto_generated|pll1|clk[0]'
Slack : 6.357
TNS   : 0.000

Type  : Slow 1200mV 0C Model Removal 'pll_hdmi_inst|altpll_component|auto_generated|pll1|clk[0]'
Slack : 0.978
TNS   : 0.000

Type  : Slow 1200mV 0C Model Removal 'pll_clk_inst|altpll_component|auto_generated|pll1|clk[2]'
Slack : 2.085
TNS   : 0.000

Type  : Slow 1200mV 0C Model Removal 'pll_clk_inst|altpll_component|auto_generated|pll1|clk[0]'
Slack : 2.199
TNS   : 0.000

Type  : Slow 1200mV 0C Model Minimum Pulse Width 'pll_hdmi_inst|altpll_component|auto_generated|pll1|clk[1]'
Slack : 0.589
TNS   : 0.000

Type  : Slow 1200mV 0C Model Minimum Pulse Width 'pll_clk_inst|altpll_component|auto_generated|pll1|clk[0]'
Slack : 4.662
TNS   : 0.000

Type  : Slow 1200mV 0C Model Minimum Pulse Width 'pll_hdmi_inst|altpll_component|auto_generated|pll1|clk[0]'
Slack : 7.366
TNS   : 0.000

Type  : Slow 1200mV 0C Model Minimum Pulse Width 'pll_clk_inst|altpll_component|auto_generated|pll1|clk[3]'
Slack : 9.714
TNS   : 0.000

Type  : Slow 1200mV 0C Model Minimum Pulse Width 'pll_clk_inst|altpll_component|auto_generated|pll1|clk[2]'
Slack : 9.717
TNS   : 0.000

Type  : Slow 1200mV 0C Model Minimum Pulse Width 'sys_clk'
Slack : 9.835
TNS   : 0.000

Type  : Fast 1200mV 0C Model Setup 'pll_clk_inst|altpll_component|auto_generated|pll1|clk[0]'
Slack : -1.381
TNS   : -22.907

Type  : Fast 1200mV 0C Model Setup 'pll_hdmi_inst|altpll_component|auto_generated|pll1|clk[0]'
Slack : 0.007
TNS   : 0.000

Type  : Fast 1200mV 0C Model Setup 'pll_hdmi_inst|altpll_component|auto_generated|pll1|clk[1]'
Slack : 1.962
TNS   : 0.000

Type  : Fast 1200mV 0C Model Setup 'pll_clk_inst|altpll_component|auto_generated|pll1|clk[2]'
Slack : 8.405
TNS   : 0.000

Type  : Fast 1200mV 0C Model Setup 'pll_clk_inst|altpll_component|auto_generated|pll1|clk[3]'
Slack : 8.559
TNS   : 0.000

Type  : Fast 1200mV 0C Model Hold 'pll_hdmi_inst|altpll_component|auto_generated|pll1|clk[0]'
Slack : -0.416
TNS   : -0.731

Type  : Fast 1200mV 0C Model Hold 'pll_clk_inst|altpll_component|auto_generated|pll1|clk[0]'
Slack : 0.133
TNS   : 0.000

Type  : Fast 1200mV 0C Model Hold 'pll_clk_inst|altpll_component|auto_generated|pll1|clk[2]'
Slack : 0.143
TNS   : 0.000

Type  : Fast 1200mV 0C Model Hold 'pll_clk_inst|altpll_component|auto_generated|pll1|clk[3]'
Slack : 0.186
TNS   : 0.000

Type  : Fast 1200mV 0C Model Hold 'pll_hdmi_inst|altpll_component|auto_generated|pll1|clk[1]'
Slack : 0.187
TNS   : 0.000

Type  : Fast 1200mV 0C Model Recovery 'pll_hdmi_inst|altpll_component|auto_generated|pll1|clk[0]'
Slack : -0.649
TNS   : -54.133

Type  : Fast 1200mV 0C Model Recovery 'pll_clk_inst|altpll_component|auto_generated|pll1|clk[2]'
Slack : 8.092
TNS   : 0.000

Type  : Fast 1200mV 0C Model Recovery 'pll_clk_inst|altpll_component|auto_generated|pll1|clk[0]'
Slack : 8.186
TNS   : 0.000

Type  : Fast 1200mV 0C Model Removal 'pll_hdmi_inst|altpll_component|auto_generated|pll1|clk[0]'
Slack : 0.221
TNS   : 0.000

Type  : Fast 1200mV 0C Model Removal 'pll_clk_inst|altpll_component|auto_generated|pll1|clk[2]'
Slack : 1.024
TNS   : 0.000

Type  : Fast 1200mV 0C Model Removal 'pll_clk_inst|altpll_component|auto_generated|pll1|clk[0]'
Slack : 1.082
TNS   : 0.000

Type  : Fast 1200mV 0C Model Minimum Pulse Width 'pll_hdmi_inst|altpll_component|auto_generated|pll1|clk[1]'
Slack : 1.076
TNS   : 0.000

Type  : Fast 1200mV 0C Model Minimum Pulse Width 'pll_clk_inst|altpll_component|auto_generated|pll1|clk[0]'
Slack : 4.734
TNS   : 0.000

Type  : Fast 1200mV 0C Model Minimum Pulse Width 'pll_hdmi_inst|altpll_component|auto_generated|pll1|clk[0]'
Slack : 7.427
TNS   : 0.000

Type  : Fast 1200mV 0C Model Minimum Pulse Width 'sys_clk'
Slack : 9.423
TNS   : 0.000

Type  : Fast 1200mV 0C Model Minimum Pulse Width 'pll_clk_inst|altpll_component|auto_generated|pll1|clk[2]'
Slack : 9.732
TNS   : 0.000

Type  : Fast 1200mV 0C Model Minimum Pulse Width 'pll_clk_inst|altpll_component|auto_generated|pll1|clk[3]'
Slack : 9.798
TNS   : 0.000

------------------------------------------------------------
